******************************************************************************
              TMS320C55x Linker PC v4.4.1                      
******************************************************************************
>> Linked Thu Mar 29 12:09:58 2018

OUTPUT FILE NAME:   <EQ.out>
ENTRY POINT SYMBOL: "_c_int00"  address: 000284a2


MEMORY CONFIGURATION

         name            origin    length      used     unused   attr    fill
                        (bytes)   (bytes)    (bytes)   (bytes)
----------------------  --------  ---------  --------  --------  ----  --------
PAGE 0:
  MMR                   00000000   000000c0  00000000  000000c0  RWIX
  DARAM0                000000c0   0000ff40  00006b2c  00009414  RWIX
  SARAM0                00010000   00010000  00000000  00010000  RWIX
  SARAM1                00020000   00020000  000085c4  00017a3c  RWIX
  SARAM2                00040000   0000fe00  00000396  0000fa6a  RWIX
  VECS                  0004fe00   00000200  00000200  00000000  RWIX
  PDROM                 00ff8000   00008000  00000000  00008000  R IX

PAGE 2:
  IOPORT                00000000   00020000  00000000  00020000  RWI 


SECTION ALLOCATION MAP
(Addresses surrounded by []'s are displayed for convenience only!)

output                                                          attributes/
section   page  orgn(bytes) orgn(words) len(bytes) len(words)   input sections
--------  ----  ----------- ----------- ---------- ----------   --------------
.pinit       0   [ 00040000 ]  00020000          *   00000000   UNINITIALIZED

.stack       0   [ 000000c0 ]  00000060          *   00001000   UNINITIALIZED
                 [ 000000c0 ]  00000060          *   00001000   --HOLE--

.data        0   [ 000000c0 ]  00000060          *   00000000   UNINITIALIZED

.sysstack 
*            0   [ 000020c0 ]  00001060          *   00000800   UNINITIALIZED
                 [ 000020c0 ]  00001060          *   00000800   --HOLE--

.sysmem      0   [ 000030c0 ]  00001860          *   00001000   UNINITIALIZED
                 [ 000030c0 ]  00001860          *   00001000   --HOLE--

.bss.1       0   [ 000050c0 ]  00002860          *   00000a27   UNINITIALIZED
                 [ 000050c0 ]  00002860          *   00000408   ezdsp5535_aic3204_dma.obj (.bss)
                 [ 000058d0 ]  00002c68          *   00000316   main.obj (.bss)
                 [ 00005efc ]  00002f7e          *   00000119   rts55x.lib : defs.obj (.bss)
                 [ 0000612e ]  00003097          *   000000d0              : trgdrv.obj (.bss)
                 [ 000062ce ]  00003167          *   00000001              : fopen.obj (.bss)
                 [ 000062d0 ]  00003168          *   00000084   cslVC5505.lib : csl_intc.obj (.bss)
                 [ 000063d8 ]  000031ec          *   00000071   rts55x.lib : lowlev.obj (.bss)
                 [ 000064ba ]  0000325d          *   0000002a   cslVC5505.lib : csl_i2s.obj (.bss)

.bss.2       0   [ 00006510 ]  00003288          *   00000030   UNINITIALIZED
                 [ 00006510 ]  00003288          *   00000012   cslVC5505.lib : csl_i2c.obj (.bss)
                 [ 00006534 ]  0000329a          *   00000008   ezdsp5535bsl.lib : ezdsp5535_sar.obj (.bss)
                 [ 00006544 ]  000032a2          *   00000006   rts55x.lib : memory.obj (.bss)
                 [ 00006550 ]  000032a8          *   00000004   ezdsp5535bsl.lib : ezdsp5535_gpio.obj (.bss)
                 [ 00006558 ]  000032ac          *   00000004   rts55x.lib : _lock.obj (.bss)
                 [ 00006560 ]  000032b0          *   00000004              : exit.obj (.bss)
                 [ 00006568 ]  000032b4          *   00000002   aic3204.obj (.bss)
                 [ 0000656c ]  000032b6          *   00000002   ezdsp5535bsl.lib : ezdsp5535_i2s.obj (.bss)

.const.1     0   [ 00006570 ]  000032b8          *   00000319   
                 [ 00006570 ]  000032b8          *   00000174   aic3204_init.obj (.const:.string)
                 [ 00006858 ]  0000342c          *   00000101   rts55x.lib : ctype.obj (.const:__ctypes_)
                 [ 00006a5a ]  0000352d          *   00000060   print_number.obj (.const:_consolas_8ptBitmaps)
                 [ 00006b1a ]  0000358d          *   00000001   print_number.obj (.const)
                 [ 00006b1c ]  0000358e          *   00000024   rts55x.lib : _printfi.obj (.const:.string)
                 [ 00006b64 ]  000035b2          *   0000001f   main.obj (.const:.string)

.const.2     0   [ 00006ba4 ]  000035d2          *   00000026   
                 [ 00006ba4 ]  000035d2          *   0000000c   rts55x.lib : _printfi.obj (.const)
                 [ 00006bbc ]  000035de          *   00000008              : divd.obj (.const:_initial_approx$1)
                 [ 00006bcc ]  000035e6          *   00000008   processing.obj (.const)
                 [ 00006bdc ]  000035ee          *   00000006   main.obj (.const)
                 [ 00006be8 ]  000035f4          *   00000002   rts55x.lib : fputs.obj (.const:.string)
                 [ 00006bec ]  000035f6          *   00000002              : fltlid.obj (.const)

.text        0     00020000  [ 00010000 ] 000085c4          *   
                   00020000  [ 00010000 ] 000015a4          *   rts55x.lib : _printfi.obj (.text)
                   000215a4  [ 00010ad2 ] 00000c3c          *   cslVC5505.lib : csl_i2c.obj (.text)
                   000221e0  [ 000110f0 ] 00000b18          *                 : csl_sar.obj (.text)
                   00022cf8  [ 0001167c ] 000009f3          *                 : csl_i2s.obj (.text)
                   000236eb  [ 00011b75+] 0000068d          *                 : csl_gpio.obj (.text)
                   00023d78  [ 00011ebc ] 000005b5          *   aic3204_init.obj (.text)
                   0002432d  [ 00012196+] 00000554          *   cslVC5505.lib : csl_intc.obj (.text)
                   00024881  [ 00012440+] 00000543          *   rts55x.lib : lowlev.obj (.text)
                   00024dc4  [ 000126e2 ] 00000528          *              : trgdrv.obj (.text)
                   000252ec  [ 00012976 ] 000004b5          *              : memory.obj (.text)
                   000257a1  [ 00012bd0+] 000003cc          *              : divd.obj (.text)
                   00025b6d  [ 00012db6+] 0000031b          *   ezdsp5535_aic3204_dma.obj (.text)
                   00025e88  [ 00012f44 ] 000002d2          *   print_number.obj (.text)
                   0002615a  [ 000130ad ] 0000027f          *   rts55x.lib : fopen.obj (.text)
                   000263d9  [ 000131ec+] 0000025f          *   processing.obj (.text)
                   00026638  [ 0001331c ] 0000025e          *   rts55x.lib : llmpy.obj (.text)
                   00026896  [ 0001344b ] 0000025a          *              : addd.obj (.text)
                   00026af0  [ 00013578 ] 000001ea          *              : cmpd.obj (.text)
                   00026cda  [ 0001366d ] 00000192          *   ezdsp5535bsl.lib : ezdsp5535_lcd.obj (.text)
                   00026e6c  [ 00013736 ] 0000017a          *                    : ezdsp5535_sar.obj (.text)
                   00026fe6  [ 000137f3 ] 00000163          *   rts55x.lib : fputs.obj (.text)
                   00027149  [ 000138a4+] 0000014c          *              : mpyd.obj (.text)
                   00027295  [ 0001394a+] 00000120          *   iir.obj (.text)
                   000273b5  [ 000139da+] 0000011a          *   main.obj (.text)
                   000274cf  [ 00013a67+] 00000107          *   ezdsp5535bsl.lib : ezdsp5535_i2s.obj (.text)
                   000275d6  [ 00013aeb ] 000000e6          *   rts55x.lib : setvbuf.obj (.text)
                   000276bc  [ 00013b5e ] 000000dd          *              : _io_perm.obj (.text)
                   00027799  [ 00013bcc+] 000000cc          *   ezdsp5535_aic3204_dma.obj (.text:retain)
                   00027865  [ 00013c32+] 000000c3          *   aic3204.obj (.text)
                   00027928  [ 00013c94 ] 000000c2          *   rts55x.lib : fflush.obj (.text)
                   000279ea  [ 00013cf5 ] 000000ba          *              : trgmsg.obj (.text:CIO_breakpoint)
                   00027aa4  [ 00013d52 ] 000000a6          *              : fputc.obj (.text)
                   00027b4a  [ 00013da5 ] 000000a1          *              : divul.obj (.text)
                   00027beb  [ 00013df5+] 0000008e          *   ezdsp5535bsl.lib : ezdsp5535_i2c.obj (.text)
                   00027c79  [ 00013e3c+] 0000008c          *   cslVC5505.lib : csl_irqplug.obj (.text)
                   00027d05  [ 00013e82+] 00000087          *   ezdsp5535bsl.lib : ezdsp5535_gpio.obj (.text)
                   00027d8c  [ 00013ec6 ] 0000007d          *   rts55x.lib : ltoa.obj (.text)
                   00027e09  [ 00013f04+] 0000007b          *              : fclose.obj (.text)
                   00027e84  [ 00013f42 ] 00000076          *              : frcmpyd.obj (.text)
                   00027efa  [ 00013f7d ] 00000073          *              : frcmpyd_div.obj (.text)
                   00027f6d  [ 00013fb6+] 00000072          *              : remul.obj (.text)
                   00027fdf  [ 00013fef+] 0000006f          *              : fixdli.obj (.text)
                   0002804e  [ 00014027 ] 0000006d          *   cslVC5505.lib : vectors.obj (.text)
                   000280bb  [ 0001405d+] 0000006d          *   rts55x.lib : trgmsg.obj (.text)
                   00028128  [ 00014094 ] 0000006b          *              : fseek.obj (.text)
                   00028193  [ 000140c9+] 00000067          *              : fltlid.obj (.text)
                   000281fa  [ 000140fd ] 0000005c          *              : atoi.obj (.text)
                   00028256  [ 0001412b ] 00000054          *   ezdsp5535bsl.lib : ezdsp5535.obj (.text)
                   000282aa  [ 00014155 ] 00000050          *   rts55x.lib : printf.obj (.text)
                   000282fa  [ 0001417d ] 0000004d          *              : autoinit.obj (.text)
                   00028347  [ 000141a3+] 0000004b          *              : args_main.obj (.text)
                   00028392  [ 000141c9 ] 0000004b          *              : remli.obj (.text)
                   000283dd  [ 000141ee+] 00000048          *              : divli.obj (.text)
                   00028425  [ 00014212+] 0000003f          *              : memcpy.obj (.text)
                   00028464  [ 00014232 ] 0000003e          *              : exit.obj (.text)
                   000284a2  [ 00014251 ] 00000034          *              : boot.obj (.text)
                   000284d6  [ 0001426b ] 0000002a          *              : fixdi.obj (.text)
                   00028500  [ 00014280 ] 0000002a          *              : udiv.obj (.text)
                   0002852a  [ 00014295 ] 00000023          *              : memccpy.obj (.text)
                   0002854d  [ 000142a6+] 0000001a          *              : isinf.obj (.text)
                   00028567  [ 000142b3+] 00000014          *              : subd.obj (.text)
                   0002857b  [ 000142bd+] 00000013          *              : lmpy.obj (.text)
                   0002858e  [ 000142c7 ] 00000012          *              : _lock.obj (.text)
                   000285a0  [ 000142d0 ] 00000010          *              : negd.obj (.text)
                   000285b0  [ 000142d8 ] 0000000a          *              : remove.obj (.text)
                   000285ba  [ 000142dd ] 00000007          *              : exit.obj (.text:CIO_breakpoint)
                   000285c1  [ 000142e0+] 00000002          *              : vectors.obj (.text)
                   000285c3  [ 000142e1 ] 00000001          *   --HOLE-- [fill = 20]

.cio         0   [ 00040000 ]  00020000          *   00000120   UNINITIALIZED
                 [ 00040000 ]  00020000          *   00000120   rts55x.lib : trgmsg.obj (.cio)

.cinit       0   [ 00040240 ]  00020120          *   00000097   
                 [ 00040240 ]  00020120          *   0000002d   rts55x.lib : lowlev.obj (.cinit)
                 [ 0004029a ]  0002014d          *   0000002a              : defs.obj (.cinit)
                 [ 000402ee ]  00020177          *   0000000f   main.obj (.cinit)
                 [ 0004030c ]  00020186          *   0000000c   ezdsp5535bsl.lib : ezdsp5535_sar.obj (.cinit)
                 [ 00040324 ]  00020192          *   0000000a   rts55x.lib : _lock.obj (.cinit)
                 [ 00040338 ]  0002019c          *   0000000a              : exit.obj (.cinit)
                 [ 0004034c ]  000201a6          *   00000008   cslVC5505.lib : csl_i2s.obj (.cinit)
                 [ 0004035c ]  000201ae          *   00000004   rts55x.lib : fopen.obj (.cinit)
                 [ 00040364 ]  000201b2          *   00000004              : memory.obj (.cinit)
                 [ 0004036c ]  000201b6          *   00000001   --HOLE-- [fill = 0]

.switch      0   [ 00040370 ]  000201b8          *   00000014   
                 [ 00040370 ]  000201b8          *   00000014   print_number.obj (.switch:_printChar)

vectors      0     0004fe00  [ 00027f00 ] 00000200          *   
                   0004fe00  [ 00027f00 ] 00000100          *   cslVC5505.lib : vectors.obj (vectors)
                   0004ff00  [ 00027f80 ] 00000100          *   rts55x.lib : vectors.obj (vectors)


GLOBAL SYMBOLS: SORTED ALPHABETICALLY BY Name 

abs. value/
byte addr   word addr   name
---------   ---------   ----
00000002                $TI_capability$C5500$CallingConvention
00000002                $TI_capability$C5500$MemoryModel
00000001                $TI_capability_requires_rev3
ffffffff                .bss
ffffffff                .data
ffffffff                .text
000285bb                C$$EXIT
00027a9f                C$$IO$$
0002857b                I$$LMPY
00028500                I$$UDIV
00028515                I$$UMOD
0004fe00                RST
00027865                _AIC3204_rget
000278b0                _AIC3204_rset
            00002868    _DMA_InputL
            00002968    _DMA_InputR
            00002a68    _DMA_OutputL
            00002b68    _DMA_OutputR
00027d6e                _EZDSP5535_GPIO_getInput
00027d05                _EZDSP5535_GPIO_init
00027d30                _EZDSP5535_GPIO_setDirection
00027d54                _EZDSP5535_GPIO_setOutput
00027beb                _EZDSP5535_I2C_init
00027c51                _EZDSP5535_I2C_read
00027c20                _EZDSP5535_I2C_reset
00027c2b                _EZDSP5535_I2C_write
000275c4                _EZDSP5535_I2S_close
000274cf                _EZDSP5535_I2S_init
00027528                _EZDSP5535_I2S_readLeft
00027587                _EZDSP5535_I2S_readRight
0002755a                _EZDSP5535_I2S_writeLeft
000275a8                _EZDSP5535_I2S_writeRight
00026d4d                _EZDSP5535_OSD9616_init
00026d02                _EZDSP5535_OSD9616_multiSend
00026e2f                _EZDSP5535_OSD9616_printLetter
00026cda                _EZDSP5535_OSD9616_send
00026f32                _EZDSP5535_SAR_getKey
00026e6c                _EZDSP5535_SAR_init
0002829c                _EZDSP5535_init
00028256                _EZDSP5535_wait
0002828a                _EZDSP5535_waitusec
00023bd6                _GPIO_clearInt
0002372f                _GPIO_close
00023753                _GPIO_config
00023986                _GPIO_configBit
00023ace                _GPIO_disableInt
00023b4c                _GPIO_enableInt
000237d8                _GPIO_getConfig
000236eb                _GPIO_open
00023860                _GPIO_read
00023ce9                _GPIO_reset
00023c62                _GPIO_statusBit
000238e3                _GPIO_write
            000032a8    _GpioObj
0002528e                _HOSTclock
00025223                _HOSTclose
0002516e                _HOSTlseek
000250cf                _HOSTopen
00025042                _HOSTread
00024f94                _HOSTrename
00024f36                _HOSTtime
00024ecc                _HOSTunlink
00024e3f                _HOSTwrite
0002164d                _I2C_config
00022018                _I2C_eventDisable
00021ee4                _I2C_eventEnable
000217b2                _I2C_getConfig
000221c4                _I2C_getEventId
000215a4                _I2C_init
00021cc6                _I2C_read
00022137                _I2C_setCallback
00021888                _I2C_setup
00021a82                _I2C_write
0002312d                _I2S_close
00022cf8                _I2S_open
000231df                _I2S_read
000235ef                _I2S_reset
00022e3f                _I2S_setup
000236a0                _I2S_transEnable
00023499                _I2S_write
000243c7                _IRQ_clear
00024431                _IRQ_clearAll
00024441                _IRQ_config
00024567                _IRQ_disable
000245e5                _IRQ_disableAll
000245f3                _IRQ_enable
000246ed                _IRQ_getArg
000244d4                _IRQ_getConfig
0002483b                _IRQ_globalDisable
00024854                _IRQ_globalEnable
0002486d                _IRQ_globalRestore
0002432d                _IRQ_init
00024766                _IRQ_map
00027c79                _IRQ_plug
0002467d                _IRQ_restore
00024733                _IRQ_setArg
00024798                _IRQ_setVecs
000247c9                _IRQ_test
0004ff00                _Reset
00022763                _SAR_A2DMeasParamSet
00022bdd                _SAR_GPODirSet
000222da                _SAR_chanClose
0002235e                _SAR_chanConfig
0002265a                _SAR_chanCycSet
0002225d                _SAR_chanInit
00022278                _SAR_chanOpen
00022446                _SAR_chanSetup
0002223d                _SAR_deInit
000223d4                _SAR_getConfig
00022cb9                _SAR_getStatus
000221e0                _SAR_init
00022722                _SAR_readData
000226a9                _SAR_startConversion
000226db                _SAR_stopConversion
            0000329e    _SarHandle
            0000329a    _SarObj
0004fe00                _VECSTART
            00020000    __CIOBUF_
000242d4                __I2S_init
            00001060    __STACK_END
00002000                __STACK_SIZE
00002000                __SYSMEM_SIZE
00001000                __SYSSTACK_SIZE
00000001                __TI_args_main
ffffffff                ___binit__
ffffffff                ___bss__
ffffffff                ___c_args__
            00020120    ___cinit__
ffffffff                ___data__
ffffffff                ___edata__
ffffffff                ___end__
ffffffff                ___etext__
0002854d                ___isinf
ffffffff                ___pinit__
ffffffff                ___text__
00026896                __addd
00028347                __args_main
0002627b                __cleanup
            000032b0    __cleanup_ptr
00026c82                __cmpd
            0000342c    __ctypes_
000257a1                __divd
000283dd                __divli
00026861                __divlli
00028500                __divu
00027b4a                __divul
0002676d                __divull
00027928                __doflush
            000032b2    __dtors_ptr
00026c4e                __eqld
000284d6                __fixdi
00027fdf                __fixdli
00028193                __fltlid
00027e84                __frcmpyd
00027efa                __frcmpyd_div
            00003096    __ft_end
            00002f7e    __ftable
00026c04                __geqd
00026bb9                __gtrd
00026b6c                __leqd
            000032ac    __lock
00026b24                __lssd
00027149                __mpyd
0002857b                __mpyli
000266b5                __mpylli
000285a0                __negd
00026af0                __neqd
0002859e                __nop
00021362                __printfi
0002773c                __rd_ok
00028596                __register_lock
0002858e                __register_unlock
00028392                __remli
00026686                __remlli
00028515                __remu
00027f6d                __remul
00026638                __remull
            00000060    __stack
00028567                __subd
            00001860    __sys_memory
            00001060    __sysstack
            00002ff6    __tmpnams
            000032ae    __unlock
000276bc                __wrt_ok
000285ba                _abort
00024cd4                _add_device
000278fd                _aic3204_codec_read
00027914                _aic3204_codec_write
000278ec                _aic3204_disable
00025b6d                _aic3204_dma_init
000278da                _aic3204_hardware_init
00023d78                _aic3204_init
00025cf8                _aic3204_read_block
00025dad                _aic3204_write_block
000281fa                _atoi
000282fa                _auto_init
000284a2                _c_int00
00026446                _calculatePeekCoeff
000263d9                _calculateShelvingCoeff
0002577b                _calloc
00025773                _chkheap
00025f26                _clearLCD
00024c61                _close
            0000352d    _consolas_8ptBitmaps
            000032b4    _counter1
            000032b5    _counter2
            00002d74    _dirakBuff
00028464                _exit
00027e09                _fclose
00027991                _fflush
00024c58                _find_registered_device
00027295                _first_order_IIR
0002639e                _fopen
00027aa4                _fputc
00026fe6                _fputs
000252ec                _free
0002571d                _free_memory
            00002c68    _frekvencije
000262d5                _freopen
            00003285    _fsError
00028128                _fseek
            00003288    _gI2cObj
00024dc4                _getenv
            000032aa    _hGpio
            000032b6    _hI2s
            00002e7e    _history_x
            00002efe    _history_y
            00003298    _i2cHandle
00025e88                _initPrintNumber
            00002df4    _izlaz
            000032a0    _keyCnt1
            000032a1    _keyCnt2
00024bf2                _lseek
00027d8c                _ltoa
000273b5                _main
0002541d                _malloc
000256c3                _max_free
0002852a                _memccpy
00028425                _memcpy
000253b8                _minit
00024b33                _open
            00003286    _ouError
            00002e74    _output1
            00002e78    _output2
            0000329d    _preKey
00025ff4                _printChar
000282aa                _printf
00027aa4                _putc
00027b3b                _putchar
0002711b                _puts
00024a85                _read
000280bb                _readmsg
00025512                _realloc
000285b0                _remove
00024a4f                _remove_device
000249f6                _rename
            00002c74    _sampleBufferL
            00002cf4    _sampleBufferR
000272fc                _second_order_IIR
00025fd2                _setWritePointerToFirstChar
00023f69                _set_sampling_frequency_and_gain
000275d6                _setvbuf
000264f4                _shelvingHP
00026560                _shelvingLP
000265cc                _shelvingPeek
            0000358d    _sign_width
000249c3                _unlink
00024881                _write
000279ea                _writemsg
ffffffff                binit
            00020120    cinit
ffffffff                edata
ffffffff                end
ffffffff                etext
ffffffff                pinit


GLOBAL SYMBOLS: SORTED BY Symbol Address 

abs. value/
byte addr   word addr   name
---------   ---------   ----
00000001                $TI_capability_requires_rev3
00000001                __TI_args_main
00000002                $TI_capability$C5500$CallingConvention
00000002                $TI_capability$C5500$MemoryModel
            00000060    __stack
00001000                __SYSSTACK_SIZE
00002000                __STACK_SIZE
00002000                __SYSMEM_SIZE
            00001060    __STACK_END
            00001060    __sysstack
            00001860    __sys_memory
            00002868    _DMA_InputL
            00002968    _DMA_InputR
            00002a68    _DMA_OutputL
            00002b68    _DMA_OutputR
            00002c68    _frekvencije
            00002c74    _sampleBufferL
            00002cf4    _sampleBufferR
            00002d74    _dirakBuff
            00002df4    _izlaz
            00002e74    _output1
            00002e78    _output2
            00002e7e    _history_x
            00002efe    _history_y
            00002f7e    __ftable
            00002ff6    __tmpnams
            00003096    __ft_end
            00003285    _fsError
            00003286    _ouError
            00003288    _gI2cObj
            00003298    _i2cHandle
            0000329a    _SarObj
            0000329d    _preKey
            0000329e    _SarHandle
            000032a0    _keyCnt1
            000032a1    _keyCnt2
            000032a8    _GpioObj
            000032aa    _hGpio
            000032ac    __lock
            000032ae    __unlock
            000032b0    __cleanup_ptr
            000032b2    __dtors_ptr
            000032b4    _counter1
            000032b5    _counter2
            000032b6    _hI2s
            0000342c    __ctypes_
            0000352d    _consolas_8ptBitmaps
            0000358d    _sign_width
00021362                __printfi
000215a4                _I2C_init
0002164d                _I2C_config
000217b2                _I2C_getConfig
00021888                _I2C_setup
00021a82                _I2C_write
00021cc6                _I2C_read
00021ee4                _I2C_eventEnable
00022018                _I2C_eventDisable
00022137                _I2C_setCallback
000221c4                _I2C_getEventId
000221e0                _SAR_init
0002223d                _SAR_deInit
0002225d                _SAR_chanInit
00022278                _SAR_chanOpen
000222da                _SAR_chanClose
0002235e                _SAR_chanConfig
000223d4                _SAR_getConfig
00022446                _SAR_chanSetup
0002265a                _SAR_chanCycSet
000226a9                _SAR_startConversion
000226db                _SAR_stopConversion
00022722                _SAR_readData
00022763                _SAR_A2DMeasParamSet
00022bdd                _SAR_GPODirSet
00022cb9                _SAR_getStatus
00022cf8                _I2S_open
00022e3f                _I2S_setup
0002312d                _I2S_close
000231df                _I2S_read
00023499                _I2S_write
000235ef                _I2S_reset
000236a0                _I2S_transEnable
000236eb                _GPIO_open
0002372f                _GPIO_close
00023753                _GPIO_config
000237d8                _GPIO_getConfig
00023860                _GPIO_read
000238e3                _GPIO_write
00023986                _GPIO_configBit
00023ace                _GPIO_disableInt
00023b4c                _GPIO_enableInt
00023bd6                _GPIO_clearInt
00023c62                _GPIO_statusBit
00023ce9                _GPIO_reset
00023d78                _aic3204_init
00023f69                _set_sampling_frequency_and_gain
000242d4                __I2S_init
0002432d                _IRQ_init
000243c7                _IRQ_clear
00024431                _IRQ_clearAll
00024441                _IRQ_config
000244d4                _IRQ_getConfig
00024567                _IRQ_disable
000245e5                _IRQ_disableAll
000245f3                _IRQ_enable
0002467d                _IRQ_restore
000246ed                _IRQ_getArg
00024733                _IRQ_setArg
00024766                _IRQ_map
00024798                _IRQ_setVecs
000247c9                _IRQ_test
0002483b                _IRQ_globalDisable
00024854                _IRQ_globalEnable
0002486d                _IRQ_globalRestore
00024881                _write
000249c3                _unlink
000249f6                _rename
00024a4f                _remove_device
00024a85                _read
00024b33                _open
00024bf2                _lseek
00024c58                _find_registered_device
00024c61                _close
00024cd4                _add_device
00024dc4                _getenv
00024e3f                _HOSTwrite
00024ecc                _HOSTunlink
00024f36                _HOSTtime
00024f94                _HOSTrename
00025042                _HOSTread
000250cf                _HOSTopen
0002516e                _HOSTlseek
00025223                _HOSTclose
0002528e                _HOSTclock
000252ec                _free
000253b8                _minit
0002541d                _malloc
00025512                _realloc
000256c3                _max_free
0002571d                _free_memory
00025773                _chkheap
0002577b                _calloc
000257a1                __divd
00025b6d                _aic3204_dma_init
00025cf8                _aic3204_read_block
00025dad                _aic3204_write_block
00025e88                _initPrintNumber
00025f26                _clearLCD
00025fd2                _setWritePointerToFirstChar
00025ff4                _printChar
0002627b                __cleanup
000262d5                _freopen
0002639e                _fopen
000263d9                _calculateShelvingCoeff
00026446                _calculatePeekCoeff
000264f4                _shelvingHP
00026560                _shelvingLP
000265cc                _shelvingPeek
00026638                __remull
00026686                __remlli
000266b5                __mpylli
0002676d                __divull
00026861                __divlli
00026896                __addd
00026af0                __neqd
00026b24                __lssd
00026b6c                __leqd
00026bb9                __gtrd
00026c04                __geqd
00026c4e                __eqld
00026c82                __cmpd
00026cda                _EZDSP5535_OSD9616_send
00026d02                _EZDSP5535_OSD9616_multiSend
00026d4d                _EZDSP5535_OSD9616_init
00026e2f                _EZDSP5535_OSD9616_printLetter
00026e6c                _EZDSP5535_SAR_init
00026f32                _EZDSP5535_SAR_getKey
00026fe6                _fputs
0002711b                _puts
00027149                __mpyd
00027295                _first_order_IIR
000272fc                _second_order_IIR
000273b5                _main
000274cf                _EZDSP5535_I2S_init
00027528                _EZDSP5535_I2S_readLeft
0002755a                _EZDSP5535_I2S_writeLeft
00027587                _EZDSP5535_I2S_readRight
000275a8                _EZDSP5535_I2S_writeRight
000275c4                _EZDSP5535_I2S_close
000275d6                _setvbuf
000276bc                __wrt_ok
0002773c                __rd_ok
00027865                _AIC3204_rget
000278b0                _AIC3204_rset
000278da                _aic3204_hardware_init
000278ec                _aic3204_disable
000278fd                _aic3204_codec_read
00027914                _aic3204_codec_write
00027928                __doflush
00027991                _fflush
000279ea                _writemsg
00027a9f                C$$IO$$
00027aa4                _fputc
00027aa4                _putc
00027b3b                _putchar
00027b4a                __divul
00027beb                _EZDSP5535_I2C_init
00027c20                _EZDSP5535_I2C_reset
00027c2b                _EZDSP5535_I2C_write
00027c51                _EZDSP5535_I2C_read
00027c79                _IRQ_plug
00027d05                _EZDSP5535_GPIO_init
00027d30                _EZDSP5535_GPIO_setDirection
00027d54                _EZDSP5535_GPIO_setOutput
00027d6e                _EZDSP5535_GPIO_getInput
00027d8c                _ltoa
00027e09                _fclose
00027e84                __frcmpyd
00027efa                __frcmpyd_div
00027f6d                __remul
00027fdf                __fixdli
000280bb                _readmsg
00028128                _fseek
00028193                __fltlid
000281fa                _atoi
00028256                _EZDSP5535_wait
0002828a                _EZDSP5535_waitusec
0002829c                _EZDSP5535_init
000282aa                _printf
000282fa                _auto_init
00028347                __args_main
00028392                __remli
000283dd                __divli
00028425                _memcpy
00028464                _exit
000284a2                _c_int00
000284d6                __fixdi
00028500                I$$UDIV
00028500                __divu
00028515                I$$UMOD
00028515                __remu
0002852a                _memccpy
0002854d                ___isinf
00028567                __subd
0002857b                I$$LMPY
0002857b                __mpyli
0002858e                __register_unlock
00028596                __register_lock
0002859e                __nop
000285a0                __negd
000285b0                _remove
000285ba                _abort
000285bb                C$$EXIT
            00020000    __CIOBUF_
            00020120    ___cinit__
            00020120    cinit
0004fe00                RST
0004fe00                _VECSTART
0004ff00                _Reset
ffffffff                .bss
ffffffff                .data
ffffffff                .text
ffffffff                ___binit__
ffffffff                ___bss__
ffffffff                ___c_args__
ffffffff                ___data__
ffffffff                ___edata__
ffffffff                ___end__
ffffffff                ___etext__
ffffffff                ___pinit__
ffffffff                ___text__
ffffffff                binit
ffffffff                edata
ffffffff                end
ffffffff                etext
ffffffff                pinit

[275 symbols]
