******************************************************************************
              TMS320C55x Linker PC v4.4.1                      
******************************************************************************
>> Linked Mon Apr 02 13:49:27 2018

OUTPUT FILE NAME:   <EQ.out>
ENTRY POINT SYMBOL: "_c_int00"  address: 00028720


MEMORY CONFIGURATION

         name            origin    length      used     unused   attr    fill
                        (bytes)   (bytes)    (bytes)   (bytes)
----------------------  --------  ---------  --------  --------  ----  --------
PAGE 0:
  MMR                   00000000   000000c0  00000000  000000c0  RWIX
  DARAM0                000000c0   0000ff40  00006a88  000094b8  RWIX
  SARAM0                00010000   00010000  00000000  00010000  RWIX
  SARAM1                00020000   00020000  00008842  000177be  RWIX
  SARAM2                00040000   0000fe00  00000468  0000f998  RWIX
  VECS                  0004fe00   00000200  00000200  00000000  RWIX
  PDROM                 00ff8000   00008000  00000000  00008000  R IX

PAGE 2:
  IOPORT                00000000   00020000  00000000  00020000  RWI 


SECTION ALLOCATION MAP
(Addresses surrounded by []'s are displayed for convenience only!)

output                                                          attributes/
section   page  orgn(bytes) orgn(words) len(bytes) len(words)   input sections
--------  ----  ----------- ----------- ---------- ----------   --------------
.pinit       0   [ 00040000 ]  00020000          *   00000000   UNINITIALIZED

.stack       0   [ 000000c0 ]  00000060          *   00001000   UNINITIALIZED
                 [ 000000c0 ]  00000060          *   00001000   --HOLE--

.data        0   [ 000000c0 ]  00000060          *   00000000   UNINITIALIZED

.sysstack 
*            0   [ 000020c0 ]  00001060          *   00000800   UNINITIALIZED
                 [ 000020c0 ]  00001060          *   00000800   --HOLE--

.sysmem      0   [ 000030c0 ]  00001860          *   00001000   UNINITIALIZED
                 [ 000030c0 ]  00001860          *   00001000   --HOLE--

.bss.1       0   [ 000050c0 ]  00002860          *   000009db   UNINITIALIZED
                 [ 000050c0 ]  00002860          *   00000408   ezdsp5535_aic3204_dma.obj (.bss)
                 [ 000058d0 ]  00002c68          *   000002ca   main.obj (.bss)
                 [ 00005e64 ]  00002f32          *   00000119   rts55x.lib : defs.obj (.bss)
                 [ 00006096 ]  0000304b          *   000000d0              : trgdrv.obj (.bss)
                 [ 00006236 ]  0000311b          *   00000001              : fopen.obj (.bss)
                 [ 00006238 ]  0000311c          *   00000084   cslVC5505.lib : csl_intc.obj (.bss)
                 [ 00006340 ]  000031a0          *   00000071   rts55x.lib : lowlev.obj (.bss)
                 [ 00006422 ]  00003211          *   0000002a   cslVC5505.lib : csl_i2s.obj (.bss)

.bss.2       0   [ 00006478 ]  0000323c          *   00000030   UNINITIALIZED
                 [ 00006478 ]  0000323c          *   00000012   cslVC5505.lib : csl_i2c.obj (.bss)
                 [ 0000649c ]  0000324e          *   00000008   ezdsp5535bsl.lib : ezdsp5535_sar.obj (.bss)
                 [ 000064ac ]  00003256          *   00000006   rts55x.lib : memory.obj (.bss)
                 [ 000064b8 ]  0000325c          *   00000004   ezdsp5535bsl.lib : ezdsp5535_gpio.obj (.bss)
                 [ 000064c0 ]  00003260          *   00000004   rts55x.lib : _lock.obj (.bss)
                 [ 000064c8 ]  00003264          *   00000004              : exit.obj (.bss)
                 [ 000064d0 ]  00003268          *   00000002   aic3204.obj (.bss)
                 [ 000064d4 ]  0000326a          *   00000002   ezdsp5535bsl.lib : ezdsp5535_i2s.obj (.bss)

.const.1     0   [ 000064d8 ]  0000326c          *   00000319   
                 [ 000064d8 ]  0000326c          *   00000174   aic3204_init.obj (.const:.string)
                 [ 000067c0 ]  000033e0          *   00000101   rts55x.lib : ctype.obj (.const:__ctypes_)
                 [ 000069c2 ]  000034e1          *   00000060   print_number.obj (.const:_consolas_8ptBitmaps)
                 [ 00006a82 ]  00003541          *   00000001   print_number.obj (.const)
                 [ 00006a84 ]  00003542          *   00000024   rts55x.lib : _printfi.obj (.const:.string)
                 [ 00006acc ]  00003566          *   0000001f   main.obj (.const:.string)

.const.2     0   [ 00006b0c ]  00003586          *   00000020   
                 [ 00006b0c ]  00003586          *   0000000c   rts55x.lib : _printfi.obj (.const)
                 [ 00006b24 ]  00003592          *   00000008              : divd.obj (.const:_initial_approx$1)
                 [ 00006b34 ]  0000359a          *   00000008   processing.obj (.const)
                 [ 00006b44 ]  000035a2          *   00000002   rts55x.lib : fputs.obj (.const:.string)
                 [ 00006b48 ]  000035a4          *   00000002              : fltlid.obj (.const)

.text        0     00020000  [ 00010000 ] 00008842          *   
                   00020000  [ 00010000 ] 000015a4          *   rts55x.lib : _printfi.obj (.text)
                   000215a4  [ 00010ad2 ] 00000c3c          *   cslVC5505.lib : csl_i2c.obj (.text)
                   000221e0  [ 000110f0 ] 00000b18          *                 : csl_sar.obj (.text)
                   00022cf8  [ 0001167c ] 000009f3          *                 : csl_i2s.obj (.text)
                   000236eb  [ 00011b75+] 0000068d          *                 : csl_gpio.obj (.text)
                   00023d78  [ 00011ebc ] 000005b5          *   aic3204_init.obj (.text)
                   0002432d  [ 00012196+] 00000554          *   cslVC5505.lib : csl_intc.obj (.text)
                   00024881  [ 00012440+] 00000543          *   rts55x.lib : lowlev.obj (.text)
                   00024dc4  [ 000126e2 ] 00000528          *              : trgdrv.obj (.text)
                   000252ec  [ 00012976 ] 000004b5          *              : memory.obj (.text)
                   000257a1  [ 00012bd0+] 000003cc          *              : divd.obj (.text)
                   00025b6d  [ 00012db6+] 0000035c          *   main.obj (.text)
                   00025ec9  [ 00012f64+] 0000031b          *   ezdsp5535_aic3204_dma.obj (.text)
                   000261e4  [ 000130f2 ] 000002d2          *   print_number.obj (.text)
                   000264b6  [ 0001325b ] 0000027f          *   rts55x.lib : fopen.obj (.text)
                   00026735  [ 0001339a+] 0000025f          *   processing.obj (.text)
                   00026994  [ 000134ca ] 0000025e          *   rts55x.lib : llmpy.obj (.text)
                   00026bf2  [ 000135f9 ] 0000025a          *              : addd.obj (.text)
                   00026e4c  [ 00013726 ] 000001ea          *              : cmpd.obj (.text)
                   00027036  [ 0001381b ] 00000192          *   ezdsp5535bsl.lib : ezdsp5535_lcd.obj (.text)
                   000271c8  [ 000138e4 ] 0000017a          *                    : ezdsp5535_sar.obj (.text)
                   00027342  [ 000139a1 ] 00000163          *   rts55x.lib : fputs.obj (.text)
                   000274a5  [ 00013a52+] 0000014c          *              : mpyd.obj (.text)
                   000275f1  [ 00013af8+] 00000120          *   iir.obj (.text)
                   00027711  [ 00013b88+] 00000107          *   ezdsp5535bsl.lib : ezdsp5535_i2s.obj (.text)
                   00027818  [ 00013c0c ] 000000e6          *   rts55x.lib : setvbuf.obj (.text)
                   000278fe  [ 00013c7f ] 000000dd          *              : _io_perm.obj (.text)
                   000279db  [ 00013ced+] 000000cc          *   ezdsp5535_aic3204_dma.obj (.text:retain)
                   00027aa7  [ 00013d53+] 000000c3          *   aic3204.obj (.text)
                   00027b6a  [ 00013db5 ] 000000c2          *   rts55x.lib : fflush.obj (.text)
                   00027c2c  [ 00013e16 ] 000000ba          *              : trgmsg.obj (.text:CIO_breakpoint)
                   00027ce6  [ 00013e73 ] 000000a6          *              : fputc.obj (.text)
                   00027d8c  [ 00013ec6 ] 000000a1          *              : divul.obj (.text)
                   00027e2d  [ 00013f16+] 0000008e          *   ezdsp5535bsl.lib : ezdsp5535_i2c.obj (.text)
                   00027ebb  [ 00013f5d+] 0000008c          *   cslVC5505.lib : csl_irqplug.obj (.text)
                   00027f47  [ 00013fa3+] 00000087          *   ezdsp5535bsl.lib : ezdsp5535_gpio.obj (.text)
                   00027fce  [ 00013fe7 ] 0000007d          *   rts55x.lib : ltoa.obj (.text)
                   0002804b  [ 00014025+] 0000007b          *              : fclose.obj (.text)
                   000280c6  [ 00014063 ] 00000076          *              : frcmpyd.obj (.text)
                   0002813c  [ 0001409e ] 00000073          *              : frcmpyd_div.obj (.text)
                   000281af  [ 000140d7+] 00000072          *              : remul.obj (.text)
                   00028221  [ 00014110+] 0000006f          *              : fixdli.obj (.text)
                   00028290  [ 00014148 ] 0000006d          *   cslVC5505.lib : vectors.obj (.text)
                   000282fd  [ 0001417e+] 0000006d          *   rts55x.lib : trgmsg.obj (.text)
                   0002836a  [ 000141b5 ] 0000006b          *              : fseek.obj (.text)
                   000283d5  [ 000141ea+] 00000067          *              : fltlid.obj (.text)
                   0002843c  [ 0001421e ] 0000005c          *              : atoi.obj (.text)
                   00028498  [ 0001424c ] 00000054          *   ezdsp5535bsl.lib : ezdsp5535.obj (.text)
                   000284ec  [ 00014276 ] 00000050          *   rts55x.lib : printf.obj (.text)
                   0002853c  [ 0001429e ] 0000004d          *              : autoinit.obj (.text)
                   00028589  [ 000142c4+] 0000004b          *              : args_main.obj (.text)
                   000285d4  [ 000142ea ] 0000004b          *              : remli.obj (.text)
                   0002861f  [ 0001430f+] 00000048          *              : divli.obj (.text)
                   00028667  [ 00014333+] 0000003f          *              : memcpy.obj (.text)
                   000286a6  [ 00014353 ] 0000003e          *              : exit.obj (.text)
                   000286e4  [ 00014372 ] 0000003c          *              : idiv.obj (.text)
                   00028720  [ 00014390 ] 00000034          *              : boot.obj (.text)
                   00028754  [ 000143aa ] 0000002a          *              : fixdi.obj (.text)
                   0002877e  [ 000143bf ] 0000002a          *              : udiv.obj (.text)
                   000287a8  [ 000143d4 ] 00000023          *              : memccpy.obj (.text)
                   000287cb  [ 000143e5+] 0000001a          *              : isinf.obj (.text)
                   000287e5  [ 000143f2+] 00000014          *              : subd.obj (.text)
                   000287f9  [ 000143fc+] 00000013          *              : lmpy.obj (.text)
                   0002880c  [ 00014406 ] 00000012          *              : _lock.obj (.text)
                   0002881e  [ 0001440f ] 00000010          *              : negd.obj (.text)
                   0002882e  [ 00014417 ] 0000000a          *              : remove.obj (.text)
                   00028838  [ 0001441c ] 00000007          *              : exit.obj (.text:CIO_breakpoint)
                   0002883f  [ 0001441f+] 00000002          *              : vectors.obj (.text)
                   00028841  [ 00014420 ] 00000001          *   --HOLE-- [fill = 20]

.cio         0   [ 00040000 ]  00020000          *   00000120   UNINITIALIZED
                 [ 00040000 ]  00020000          *   00000120   rts55x.lib : trgmsg.obj (.cio)

.cinit       0   [ 00040240 ]  00020120          *   00000100   
                 [ 00040240 ]  00020120          *   00000078   main.obj (.cinit)
                 [ 00040330 ]  00020198          *   0000002d   rts55x.lib : lowlev.obj (.cinit)
                 [ 0004038a ]  000201c5          *   0000002a              : defs.obj (.cinit)
                 [ 000403de ]  000201ef          *   0000000c   ezdsp5535bsl.lib : ezdsp5535_sar.obj (.cinit)
                 [ 000403f6 ]  000201fb          *   0000000a   rts55x.lib : _lock.obj (.cinit)
                 [ 0004040a ]  00020205          *   0000000a              : exit.obj (.cinit)
                 [ 0004041e ]  0002020f          *   00000008   cslVC5505.lib : csl_i2s.obj (.cinit)
                 [ 0004042e ]  00020217          *   00000004   rts55x.lib : fopen.obj (.cinit)
                 [ 00040436 ]  0002021b          *   00000004              : memory.obj (.cinit)
                 [ 0004043e ]  0002021f          *   00000001   --HOLE-- [fill = 0]

.switch      0   [ 00040440 ]  00020220          *   00000014   
                 [ 00040440 ]  00020220          *   00000014   print_number.obj (.switch:_printChar)

vectors      0     0004fe00  [ 00027f00 ] 00000200          *   
                   0004fe00  [ 00027f00 ] 00000100          *   cslVC5505.lib : vectors.obj (vectors)
                   0004ff00  [ 00027f80 ] 00000100          *   rts55x.lib : vectors.obj (vectors)


GLOBAL SYMBOLS: SORTED ALPHABETICALLY BY Name 

abs. value/
byte addr   word addr   name
---------   ---------   ----
00000002                $TI_capability$C5500$CallingConvention
00000002                $TI_capability$C5500$MemoryModel
00000001                $TI_capability_requires_rev3
ffffffff                .bss
ffffffff                .data
ffffffff                .text
00028839                C$$EXIT
00027ce1                C$$IO$$
000286e4                I$$DIV
000287f9                I$$LMPY
00028703                I$$MOD
0002877e                I$$UDIV
00028793                I$$UMOD
0004fe00                RST
00027aa7                _AIC3204_rget
00027af2                _AIC3204_rset
            00002868    _DMA_InputL
            00002968    _DMA_InputR
            00002a68    _DMA_OutputL
            00002b68    _DMA_OutputR
00027fb0                _EZDSP5535_GPIO_getInput
00027f47                _EZDSP5535_GPIO_init
00027f72                _EZDSP5535_GPIO_setDirection
00027f96                _EZDSP5535_GPIO_setOutput
00027e2d                _EZDSP5535_I2C_init
00027e93                _EZDSP5535_I2C_read
00027e62                _EZDSP5535_I2C_reset
00027e6d                _EZDSP5535_I2C_write
00027806                _EZDSP5535_I2S_close
00027711                _EZDSP5535_I2S_init
0002776a                _EZDSP5535_I2S_readLeft
000277c9                _EZDSP5535_I2S_readRight
0002779c                _EZDSP5535_I2S_writeLeft
000277ea                _EZDSP5535_I2S_writeRight
000270a9                _EZDSP5535_OSD9616_init
0002705e                _EZDSP5535_OSD9616_multiSend
0002718b                _EZDSP5535_OSD9616_printLetter
00027036                _EZDSP5535_OSD9616_send
0002728e                _EZDSP5535_SAR_getKey
000271c8                _EZDSP5535_SAR_init
000284de                _EZDSP5535_init
00028498                _EZDSP5535_wait
000284cc                _EZDSP5535_waitusec
00023bd6                _GPIO_clearInt
0002372f                _GPIO_close
00023753                _GPIO_config
00023986                _GPIO_configBit
00023ace                _GPIO_disableInt
00023b4c                _GPIO_enableInt
000237d8                _GPIO_getConfig
000236eb                _GPIO_open
00023860                _GPIO_read
00023ce9                _GPIO_reset
00023c62                _GPIO_statusBit
000238e3                _GPIO_write
            0000325c    _GpioObj
0002528e                _HOSTclock
00025223                _HOSTclose
0002516e                _HOSTlseek
000250cf                _HOSTopen
00025042                _HOSTread
00024f94                _HOSTrename
00024f36                _HOSTtime
00024ecc                _HOSTunlink
00024e3f                _HOSTwrite
0002164d                _I2C_config
00022018                _I2C_eventDisable
00021ee4                _I2C_eventEnable
000217b2                _I2C_getConfig
000221c4                _I2C_getEventId
000215a4                _I2C_init
00021cc6                _I2C_read
00022137                _I2C_setCallback
00021888                _I2C_setup
00021a82                _I2C_write
0002312d                _I2S_close
00022cf8                _I2S_open
000231df                _I2S_read
000235ef                _I2S_reset
00022e3f                _I2S_setup
000236a0                _I2S_transEnable
00023499                _I2S_write
000243c7                _IRQ_clear
00024431                _IRQ_clearAll
00024441                _IRQ_config
00024567                _IRQ_disable
000245e5                _IRQ_disableAll
000245f3                _IRQ_enable
000246ed                _IRQ_getArg
000244d4                _IRQ_getConfig
0002483b                _IRQ_globalDisable
00024854                _IRQ_globalEnable
0002486d                _IRQ_globalRestore
0002432d                _IRQ_init
00024766                _IRQ_map
00027ebb                _IRQ_plug
0002467d                _IRQ_restore
00024733                _IRQ_setArg
00024798                _IRQ_setVecs
000247c9                _IRQ_test
0004ff00                _Reset
00022763                _SAR_A2DMeasParamSet
00022bdd                _SAR_GPODirSet
000222da                _SAR_chanClose
0002235e                _SAR_chanConfig
0002265a                _SAR_chanCycSet
0002225d                _SAR_chanInit
00022278                _SAR_chanOpen
00022446                _SAR_chanSetup
0002223d                _SAR_deInit
000223d4                _SAR_getConfig
00022cb9                _SAR_getStatus
000221e0                _SAR_init
00022722                _SAR_readData
000226a9                _SAR_startConversion
000226db                _SAR_stopConversion
            00003252    _SarHandle
            0000324e    _SarObj
0004fe00                _VECSTART
            00020000    __CIOBUF_
000242d4                __I2S_init
            00001060    __STACK_END
00002000                __STACK_SIZE
00002000                __SYSMEM_SIZE
00001000                __SYSSTACK_SIZE
00000001                __TI_args_main
ffffffff                ___binit__
ffffffff                ___bss__
ffffffff                ___c_args__
            00020120    ___cinit__
ffffffff                ___data__
ffffffff                ___edata__
ffffffff                ___end__
ffffffff                ___etext__
000287cb                ___isinf
ffffffff                ___pinit__
ffffffff                ___text__
00026bf2                __addd
00028589                __args_main
000265d7                __cleanup
            00003264    __cleanup_ptr
00026fde                __cmpd
            000033e0    __ctypes_
000257a1                __divd
000286e4                __divi
0002861f                __divli
00026bbd                __divlli
0002877e                __divu
00027d8c                __divul
00026ac9                __divull
00027b6a                __doflush
            00003266    __dtors_ptr
00026faa                __eqld
00028754                __fixdi
00028221                __fixdli
000283d5                __fltlid
000280c6                __frcmpyd
0002813c                __frcmpyd_div
            0000304a    __ft_end
            00002f32    __ftable
00026f60                __geqd
00026f15                __gtrd
00026ec8                __leqd
            00003260    __lock
00026e80                __lssd
000274a5                __mpyd
000287f9                __mpyli
00026a11                __mpylli
0002881e                __negd
00026e4c                __neqd
0002881c                __nop
00021362                __printfi
0002797e                __rd_ok
00028814                __register_lock
0002880c                __register_unlock
00028703                __remi
000285d4                __remli
000269e2                __remlli
00028793                __remu
000281af                __remul
00026994                __remull
            00000060    __stack
000287e5                __subd
            00001860    __sys_memory
            00001060    __sysstack
            00002faa    __tmpnams
            00003262    __unlock
000278fe                __wrt_ok
00028838                _abort
00024cd4                _add_device
00027b3f                _aic3204_codec_read
00027b56                _aic3204_codec_write
00027b2e                _aic3204_disable
00025ec9                _aic3204_dma_init
00027b1c                _aic3204_hardware_init
00023d78                _aic3204_init
00026054                _aic3204_read_block
00026109                _aic3204_write_block
0002843c                _atoi
0002853c                _auto_init
00028720                _c_int00
000267a2                _calculatePeekCoeff
00026735                _calculateShelvingCoeff
0002577b                _calloc
00025773                _chkheap
00026282                _clearLCD
00024c61                _close
            000034e1    _consolas_8ptBitmaps
            00003268    _counter1
            00003269    _counter2
            00002d80    _dirakBuff
000286a6                _exit
0002804b                _fclose
00027bd3                _fflush
00024c58                _find_registered_device
000275f1                _first_order_IIR
000266fa                _fopen
00027ce6                _fputc
00027342                _fputs
000252ec                _free
0002571d                _free_memory
            00002c68    _frekvencije
00026631                _freopen
            00003239    _fsError
0002836a                _fseek
            0000323c    _gI2cObj
00025b6d                _getKey
00024dc4                _getenv
            0000325e    _hGpio
            0000326a    _hI2s
            00002f14    _history_x_HP_L
            00002f20    _history_x_HP_R
            00002f16    _history_x_LP_L
            00002f22    _history_x_LP_R
            00002f18    _history_x_P1_L
            00002f24    _history_x_P1_R
            00002f1c    _history_x_P2_L
            00002f28    _history_x_P2_R
            00002f15    _history_y_HP_L
            00002f21    _history_y_HP_R
            00002f17    _history_y_LP_L
            00002f23    _history_y_LP_R
            00002f1a    _history_y_P1_L
            00002f26    _history_y_P1_R
            00002f1e    _history_y_P2_L
            00002f2a    _history_y_P2_R
            0000324c    _i2cHandle
000261e4                _initPrintNumber
            00002f2c    _k
            00002f30    _k_i
            00003254    _keyCnt1
            00003255    _keyCnt2
00024bf2                _lseek
00027fce                _ltoa
00025c0a                _main
0002541d                _malloc
000256c3                _max_free
000287a8                _memccpy
00028667                _memcpy
000253b8                _minit
            00002c74    _my_alpha
            00002c7c    _my_beta
00024b33                _open
            0000323a    _ouError
            00002e00    _outputEQ_LEFT
            00002e80    _outputEQ_RIGHT
            00003251    _preKey
00026350                _printChar
00025b92                _printNewValue
000284ec                _printf
00027ce6                _putc
00027d7d                _putchar
00027477                _puts
00024a85                _read
000282fd                _readmsg
00025512                _realloc
0002882e                _remove
00024a4f                _remove_device
000249f6                _rename
            00002c80    _sampleBufferL
            00002d00    _sampleBufferR
00027658                _second_order_IIR
0002632e                _setWritePointerToFirstChar
00023f69                _set_sampling_frequency_and_gain
00027818                _setvbuf
00026850                _shelvingHP
            00002f00    _shelvingHighOutput
000268bc                _shelvingLP
            00002f04    _shelvingLowOutput
00026928                _shelvingPeek
            00002f08    _shelvingPeekOutput1
            00002f0e    _shelvingPeekOutput2
            00003541    _sign_width
000249c3                _unlink
00024881                _write
00027c2c                _writemsg
ffffffff                binit
            00020120    cinit
ffffffff                edata
ffffffff                end
ffffffff                etext
ffffffff                pinit


GLOBAL SYMBOLS: SORTED BY Symbol Address 

abs. value/
byte addr   word addr   name
---------   ---------   ----
00000001                $TI_capability_requires_rev3
00000001                __TI_args_main
00000002                $TI_capability$C5500$CallingConvention
00000002                $TI_capability$C5500$MemoryModel
            00000060    __stack
00001000                __SYSSTACK_SIZE
00002000                __STACK_SIZE
00002000                __SYSMEM_SIZE
            00001060    __STACK_END
            00001060    __sysstack
            00001860    __sys_memory
            00002868    _DMA_InputL
            00002968    _DMA_InputR
            00002a68    _DMA_OutputL
            00002b68    _DMA_OutputR
            00002c68    _frekvencije
            00002c74    _my_alpha
            00002c7c    _my_beta
            00002c80    _sampleBufferL
            00002d00    _sampleBufferR
            00002d80    _dirakBuff
            00002e00    _outputEQ_LEFT
            00002e80    _outputEQ_RIGHT
            00002f00    _shelvingHighOutput
            00002f04    _shelvingLowOutput
            00002f08    _shelvingPeekOutput1
            00002f0e    _shelvingPeekOutput2
            00002f14    _history_x_HP_L
            00002f15    _history_y_HP_L
            00002f16    _history_x_LP_L
            00002f17    _history_y_LP_L
            00002f18    _history_x_P1_L
            00002f1a    _history_y_P1_L
            00002f1c    _history_x_P2_L
            00002f1e    _history_y_P2_L
            00002f20    _history_x_HP_R
            00002f21    _history_y_HP_R
            00002f22    _history_x_LP_R
            00002f23    _history_y_LP_R
            00002f24    _history_x_P1_R
            00002f26    _history_y_P1_R
            00002f28    _history_x_P2_R
            00002f2a    _history_y_P2_R
            00002f2c    _k
            00002f30    _k_i
            00002f32    __ftable
            00002faa    __tmpnams
            0000304a    __ft_end
            00003239    _fsError
            0000323a    _ouError
            0000323c    _gI2cObj
            0000324c    _i2cHandle
            0000324e    _SarObj
            00003251    _preKey
            00003252    _SarHandle
            00003254    _keyCnt1
            00003255    _keyCnt2
            0000325c    _GpioObj
            0000325e    _hGpio
            00003260    __lock
            00003262    __unlock
            00003264    __cleanup_ptr
            00003266    __dtors_ptr
            00003268    _counter1
            00003269    _counter2
            0000326a    _hI2s
            000033e0    __ctypes_
            000034e1    _consolas_8ptBitmaps
            00003541    _sign_width
00021362                __printfi
000215a4                _I2C_init
0002164d                _I2C_config
000217b2                _I2C_getConfig
00021888                _I2C_setup
00021a82                _I2C_write
00021cc6                _I2C_read
00021ee4                _I2C_eventEnable
00022018                _I2C_eventDisable
00022137                _I2C_setCallback
000221c4                _I2C_getEventId
000221e0                _SAR_init
0002223d                _SAR_deInit
0002225d                _SAR_chanInit
00022278                _SAR_chanOpen
000222da                _SAR_chanClose
0002235e                _SAR_chanConfig
000223d4                _SAR_getConfig
00022446                _SAR_chanSetup
0002265a                _SAR_chanCycSet
000226a9                _SAR_startConversion
000226db                _SAR_stopConversion
00022722                _SAR_readData
00022763                _SAR_A2DMeasParamSet
00022bdd                _SAR_GPODirSet
00022cb9                _SAR_getStatus
00022cf8                _I2S_open
00022e3f                _I2S_setup
0002312d                _I2S_close
000231df                _I2S_read
00023499                _I2S_write
000235ef                _I2S_reset
000236a0                _I2S_transEnable
000236eb                _GPIO_open
0002372f                _GPIO_close
00023753                _GPIO_config
000237d8                _GPIO_getConfig
00023860                _GPIO_read
000238e3                _GPIO_write
00023986                _GPIO_configBit
00023ace                _GPIO_disableInt
00023b4c                _GPIO_enableInt
00023bd6                _GPIO_clearInt
00023c62                _GPIO_statusBit
00023ce9                _GPIO_reset
00023d78                _aic3204_init
00023f69                _set_sampling_frequency_and_gain
000242d4                __I2S_init
0002432d                _IRQ_init
000243c7                _IRQ_clear
00024431                _IRQ_clearAll
00024441                _IRQ_config
000244d4                _IRQ_getConfig
00024567                _IRQ_disable
000245e5                _IRQ_disableAll
000245f3                _IRQ_enable
0002467d                _IRQ_restore
000246ed                _IRQ_getArg
00024733                _IRQ_setArg
00024766                _IRQ_map
00024798                _IRQ_setVecs
000247c9                _IRQ_test
0002483b                _IRQ_globalDisable
00024854                _IRQ_globalEnable
0002486d                _IRQ_globalRestore
00024881                _write
000249c3                _unlink
000249f6                _rename
00024a4f                _remove_device
00024a85                _read
00024b33                _open
00024bf2                _lseek
00024c58                _find_registered_device
00024c61                _close
00024cd4                _add_device
00024dc4                _getenv
00024e3f                _HOSTwrite
00024ecc                _HOSTunlink
00024f36                _HOSTtime
00024f94                _HOSTrename
00025042                _HOSTread
000250cf                _HOSTopen
0002516e                _HOSTlseek
00025223                _HOSTclose
0002528e                _HOSTclock
000252ec                _free
000253b8                _minit
0002541d                _malloc
00025512                _realloc
000256c3                _max_free
0002571d                _free_memory
00025773                _chkheap
0002577b                _calloc
000257a1                __divd
00025b6d                _getKey
00025b92                _printNewValue
00025c0a                _main
00025ec9                _aic3204_dma_init
00026054                _aic3204_read_block
00026109                _aic3204_write_block
000261e4                _initPrintNumber
00026282                _clearLCD
0002632e                _setWritePointerToFirstChar
00026350                _printChar
000265d7                __cleanup
00026631                _freopen
000266fa                _fopen
00026735                _calculateShelvingCoeff
000267a2                _calculatePeekCoeff
00026850                _shelvingHP
000268bc                _shelvingLP
00026928                _shelvingPeek
00026994                __remull
000269e2                __remlli
00026a11                __mpylli
00026ac9                __divull
00026bbd                __divlli
00026bf2                __addd
00026e4c                __neqd
00026e80                __lssd
00026ec8                __leqd
00026f15                __gtrd
00026f60                __geqd
00026faa                __eqld
00026fde                __cmpd
00027036                _EZDSP5535_OSD9616_send
0002705e                _EZDSP5535_OSD9616_multiSend
000270a9                _EZDSP5535_OSD9616_init
0002718b                _EZDSP5535_OSD9616_printLetter
000271c8                _EZDSP5535_SAR_init
0002728e                _EZDSP5535_SAR_getKey
00027342                _fputs
00027477                _puts
000274a5                __mpyd
000275f1                _first_order_IIR
00027658                _second_order_IIR
00027711                _EZDSP5535_I2S_init
0002776a                _EZDSP5535_I2S_readLeft
0002779c                _EZDSP5535_I2S_writeLeft
000277c9                _EZDSP5535_I2S_readRight
000277ea                _EZDSP5535_I2S_writeRight
00027806                _EZDSP5535_I2S_close
00027818                _setvbuf
000278fe                __wrt_ok
0002797e                __rd_ok
00027aa7                _AIC3204_rget
00027af2                _AIC3204_rset
00027b1c                _aic3204_hardware_init
00027b2e                _aic3204_disable
00027b3f                _aic3204_codec_read
00027b56                _aic3204_codec_write
00027b6a                __doflush
00027bd3                _fflush
00027c2c                _writemsg
00027ce1                C$$IO$$
00027ce6                _fputc
00027ce6                _putc
00027d7d                _putchar
00027d8c                __divul
00027e2d                _EZDSP5535_I2C_init
00027e62                _EZDSP5535_I2C_reset
00027e6d                _EZDSP5535_I2C_write
00027e93                _EZDSP5535_I2C_read
00027ebb                _IRQ_plug
00027f47                _EZDSP5535_GPIO_init
00027f72                _EZDSP5535_GPIO_setDirection
00027f96                _EZDSP5535_GPIO_setOutput
00027fb0                _EZDSP5535_GPIO_getInput
00027fce                _ltoa
0002804b                _fclose
000280c6                __frcmpyd
0002813c                __frcmpyd_div
000281af                __remul
00028221                __fixdli
000282fd                _readmsg
0002836a                _fseek
000283d5                __fltlid
0002843c                _atoi
00028498                _EZDSP5535_wait
000284cc                _EZDSP5535_waitusec
000284de                _EZDSP5535_init
000284ec                _printf
0002853c                _auto_init
00028589                __args_main
000285d4                __remli
0002861f                __divli
00028667                _memcpy
000286a6                _exit
000286e4                I$$DIV
000286e4                __divi
00028703                I$$MOD
00028703                __remi
00028720                _c_int00
00028754                __fixdi
0002877e                I$$UDIV
0002877e                __divu
00028793                I$$UMOD
00028793                __remu
000287a8                _memccpy
000287cb                ___isinf
000287e5                __subd
000287f9                I$$LMPY
000287f9                __mpyli
0002880c                __register_unlock
00028814                __register_lock
0002881c                __nop
0002881e                __negd
0002882e                _remove
00028838                _abort
00028839                C$$EXIT
            00020000    __CIOBUF_
            00020120    ___cinit__
            00020120    cinit
0004fe00                RST
0004fe00                _VECSTART
0004ff00                _Reset
ffffffff                .bss
ffffffff                .data
ffffffff                .text
ffffffff                ___binit__
ffffffff                ___bss__
ffffffff                ___c_args__
ffffffff                ___data__
ffffffff                ___edata__
ffffffff                ___end__
ffffffff                ___etext__
ffffffff                ___pinit__
ffffffff                ___text__
ffffffff                binit
ffffffff                edata
ffffffff                end
ffffffff                etext
ffffffff                pinit

[302 symbols]
