******************************************************************************
              TMS320C55x Linker PC v4.4.1                      
******************************************************************************
>> Linked Thu Mar 29 11:34:41 2018

OUTPUT FILE NAME:   <EQ.out>
ENTRY POINT SYMBOL: "_c_int00"  address: 00028499


MEMORY CONFIGURATION

         name            origin    length      used     unused   attr    fill
                        (bytes)   (bytes)    (bytes)   (bytes)
----------------------  --------  ---------  --------  --------  ----  --------
PAGE 0:
  MMR                   00000000   000000c0  00000000  000000c0  RWIX
  DARAM0                000000c0   0000ff40  00006b14  0000942c  RWIX
  SARAM0                00010000   00010000  00000000  00010000  RWIX
  SARAM1                00020000   00020000  000085bb  00017a45  RWIX
  SARAM2                00040000   0000fe00  00000378  0000fa88  RWIX
  VECS                  0004fe00   00000200  00000200  00000000  RWIX
  PDROM                 00ff8000   00008000  00000000  00008000  R IX

PAGE 2:
  IOPORT                00000000   00020000  00000000  00020000  RWI 


SECTION ALLOCATION MAP
(Addresses surrounded by []'s are displayed for convenience only!)

output                                                          attributes/
section   page  orgn(bytes) orgn(words) len(bytes) len(words)   input sections
--------  ----  ----------- ----------- ---------- ----------   --------------
.pinit       0   [ 00040000 ]  00020000          *   00000000   UNINITIALIZED

.stack       0   [ 000000c0 ]  00000060          *   00001000   UNINITIALIZED
                 [ 000000c0 ]  00000060          *   00001000   --HOLE--

.data        0   [ 000000c0 ]  00000060          *   00000000   UNINITIALIZED

.sysstack 
*            0   [ 000020c0 ]  00001060          *   00000800   UNINITIALIZED
                 [ 000020c0 ]  00001060          *   00000800   --HOLE--

.sysmem      0   [ 000030c0 ]  00001860          *   00001000   UNINITIALIZED
                 [ 000030c0 ]  00001860          *   00001000   --HOLE--

.bss.1       0   [ 000050c0 ]  00002860          *   00000a1b   UNINITIALIZED
                 [ 000050c0 ]  00002860          *   00000408   ezdsp5535_aic3204_dma.obj (.bss)
                 [ 000058d0 ]  00002c68          *   0000030a   main.obj (.bss)
                 [ 00005ee4 ]  00002f72          *   00000119   rts55x.lib : defs.obj (.bss)
                 [ 00006116 ]  0000308b          *   000000d0              : trgdrv.obj (.bss)
                 [ 000062b6 ]  0000315b          *   00000001              : fopen.obj (.bss)
                 [ 000062b8 ]  0000315c          *   00000084   cslVC5505.lib : csl_intc.obj (.bss)
                 [ 000063c0 ]  000031e0          *   00000071   rts55x.lib : lowlev.obj (.bss)
                 [ 000064a2 ]  00003251          *   0000002a   cslVC5505.lib : csl_i2s.obj (.bss)

.bss.2       0   [ 000064f8 ]  0000327c          *   00000030   UNINITIALIZED
                 [ 000064f8 ]  0000327c          *   00000012   cslVC5505.lib : csl_i2c.obj (.bss)
                 [ 0000651c ]  0000328e          *   00000008   ezdsp5535bsl.lib : ezdsp5535_sar.obj (.bss)
                 [ 0000652c ]  00003296          *   00000006   rts55x.lib : memory.obj (.bss)
                 [ 00006538 ]  0000329c          *   00000004   ezdsp5535bsl.lib : ezdsp5535_gpio.obj (.bss)
                 [ 00006540 ]  000032a0          *   00000004   rts55x.lib : _lock.obj (.bss)
                 [ 00006548 ]  000032a4          *   00000004              : exit.obj (.bss)
                 [ 00006550 ]  000032a8          *   00000002   aic3204.obj (.bss)
                 [ 00006554 ]  000032aa          *   00000002   ezdsp5535bsl.lib : ezdsp5535_i2s.obj (.bss)

.const.1     0   [ 00006558 ]  000032ac          *   00000319   
                 [ 00006558 ]  000032ac          *   00000174   aic3204_init.obj (.const:.string)
                 [ 00006840 ]  00003420          *   00000101   rts55x.lib : ctype.obj (.const:__ctypes_)
                 [ 00006a42 ]  00003521          *   00000060   print_number.obj (.const:_consolas_8ptBitmaps)
                 [ 00006b02 ]  00003581          *   00000001   print_number.obj (.const)
                 [ 00006b04 ]  00003582          *   00000024   rts55x.lib : _printfi.obj (.const:.string)
                 [ 00006b4c ]  000035a6          *   0000001f   main.obj (.const:.string)

.const.2     0   [ 00006b8c ]  000035c6          *   00000026   
                 [ 00006b8c ]  000035c6          *   0000000c   rts55x.lib : _printfi.obj (.const)
                 [ 00006ba4 ]  000035d2          *   00000008              : divd.obj (.const:_initial_approx$1)
                 [ 00006bb4 ]  000035da          *   00000008   processing.obj (.const)
                 [ 00006bc4 ]  000035e2          *   00000006   main.obj (.const)
                 [ 00006bd0 ]  000035e8          *   00000002   rts55x.lib : fputs.obj (.const:.string)
                 [ 00006bd4 ]  000035ea          *   00000002              : fltlid.obj (.const)

.text        0     00020000  [ 00010000 ] 000085bb          *   
                   00020000  [ 00010000 ] 000015a4          *   rts55x.lib : _printfi.obj (.text)
                   000215a4  [ 00010ad2 ] 00000c3c          *   cslVC5505.lib : csl_i2c.obj (.text)
                   000221e0  [ 000110f0 ] 00000b18          *                 : csl_sar.obj (.text)
                   00022cf8  [ 0001167c ] 000009f3          *                 : csl_i2s.obj (.text)
                   000236eb  [ 00011b75+] 0000068d          *                 : csl_gpio.obj (.text)
                   00023d78  [ 00011ebc ] 000005b5          *   aic3204_init.obj (.text)
                   0002432d  [ 00012196+] 00000554          *   cslVC5505.lib : csl_intc.obj (.text)
                   00024881  [ 00012440+] 00000543          *   rts55x.lib : lowlev.obj (.text)
                   00024dc4  [ 000126e2 ] 00000528          *              : trgdrv.obj (.text)
                   000252ec  [ 00012976 ] 000004b5          *              : memory.obj (.text)
                   000257a1  [ 00012bd0+] 000003cc          *              : divd.obj (.text)
                   00025b6d  [ 00012db6+] 0000031b          *   ezdsp5535_aic3204_dma.obj (.text)
                   00025e88  [ 00012f44 ] 000002d2          *   print_number.obj (.text)
                   0002615a  [ 000130ad ] 0000027f          *   rts55x.lib : fopen.obj (.text)
                   000263d9  [ 000131ec+] 0000025e          *              : llmpy.obj (.text)
                   00026637  [ 0001331b+] 0000025a          *              : addd.obj (.text)
                   00026891  [ 00013448+] 00000256          *   processing.obj (.text)
                   00026ae7  [ 00013573+] 000001ea          *   rts55x.lib : cmpd.obj (.text)
                   00026cd1  [ 00013668+] 00000192          *   ezdsp5535bsl.lib : ezdsp5535_lcd.obj (.text)
                   00026e63  [ 00013731+] 0000017a          *                    : ezdsp5535_sar.obj (.text)
                   00026fdd  [ 000137ee+] 00000163          *   rts55x.lib : fputs.obj (.text)
                   00027140  [ 000138a0 ] 0000014c          *              : mpyd.obj (.text)
                   0002728c  [ 00013946 ] 00000120          *   iir.obj (.text)
                   000273ac  [ 000139d6 ] 0000011a          *   main.obj (.text)
                   000274c6  [ 00013a63 ] 00000107          *   ezdsp5535bsl.lib : ezdsp5535_i2s.obj (.text)
                   000275cd  [ 00013ae6+] 000000e6          *   rts55x.lib : setvbuf.obj (.text)
                   000276b3  [ 00013b59+] 000000dd          *              : _io_perm.obj (.text)
                   00027790  [ 00013bc8 ] 000000cc          *   ezdsp5535_aic3204_dma.obj (.text:retain)
                   0002785c  [ 00013c2e ] 000000c3          *   aic3204.obj (.text)
                   0002791f  [ 00013c8f+] 000000c2          *   rts55x.lib : fflush.obj (.text)
                   000279e1  [ 00013cf0+] 000000ba          *              : trgmsg.obj (.text:CIO_breakpoint)
                   00027a9b  [ 00013d4d+] 000000a6          *              : fputc.obj (.text)
                   00027b41  [ 00013da0+] 000000a1          *              : divul.obj (.text)
                   00027be2  [ 00013df1 ] 0000008e          *   ezdsp5535bsl.lib : ezdsp5535_i2c.obj (.text)
                   00027c70  [ 00013e38 ] 0000008c          *   cslVC5505.lib : csl_irqplug.obj (.text)
                   00027cfc  [ 00013e7e ] 00000087          *   ezdsp5535bsl.lib : ezdsp5535_gpio.obj (.text)
                   00027d83  [ 00013ec1+] 0000007d          *   rts55x.lib : ltoa.obj (.text)
                   00027e00  [ 00013f00 ] 0000007b          *              : fclose.obj (.text)
                   00027e7b  [ 00013f3d+] 00000076          *              : frcmpyd.obj (.text)
                   00027ef1  [ 00013f78+] 00000073          *              : frcmpyd_div.obj (.text)
                   00027f64  [ 00013fb2 ] 00000072          *              : remul.obj (.text)
                   00027fd6  [ 00013feb ] 0000006f          *              : fixdli.obj (.text)
                   00028045  [ 00014022+] 0000006d          *   cslVC5505.lib : vectors.obj (.text)
                   000280b2  [ 00014059 ] 0000006d          *   rts55x.lib : trgmsg.obj (.text)
                   0002811f  [ 0001408f+] 0000006b          *              : fseek.obj (.text)
                   0002818a  [ 000140c5 ] 00000067          *              : fltlid.obj (.text)
                   000281f1  [ 000140f8+] 0000005c          *              : atoi.obj (.text)
                   0002824d  [ 00014126+] 00000054          *   ezdsp5535bsl.lib : ezdsp5535.obj (.text)
                   000282a1  [ 00014150+] 00000050          *   rts55x.lib : printf.obj (.text)
                   000282f1  [ 00014178+] 0000004d          *              : autoinit.obj (.text)
                   0002833e  [ 0001419f ] 0000004b          *              : args_main.obj (.text)
                   00028389  [ 000141c4+] 0000004b          *              : remli.obj (.text)
                   000283d4  [ 000141ea ] 00000048          *              : divli.obj (.text)
                   0002841c  [ 0001420e ] 0000003f          *              : memcpy.obj (.text)
                   0002845b  [ 0001422d+] 0000003e          *              : exit.obj (.text)
                   00028499  [ 0001424c+] 00000034          *              : boot.obj (.text)
                   000284cd  [ 00014266+] 0000002a          *              : fixdi.obj (.text)
                   000284f7  [ 0001427b+] 0000002a          *              : udiv.obj (.text)
                   00028521  [ 00014290+] 00000023          *              : memccpy.obj (.text)
                   00028544  [ 000142a2 ] 0000001a          *              : isinf.obj (.text)
                   0002855e  [ 000142af ] 00000014          *              : subd.obj (.text)
                   00028572  [ 000142b9 ] 00000013          *              : lmpy.obj (.text)
                   00028585  [ 000142c2+] 00000012          *              : _lock.obj (.text)
                   00028597  [ 000142cb+] 00000010          *              : negd.obj (.text)
                   000285a7  [ 000142d3+] 0000000a          *              : remove.obj (.text)
                   000285b1  [ 000142d8+] 00000007          *              : exit.obj (.text:CIO_breakpoint)
                   000285b8  [ 000142dc ] 00000002          *              : vectors.obj (.text)
                   000285ba  [ 000142dd ] 00000001          *   --HOLE-- [fill = 20]

.cio         0   [ 00040000 ]  00020000          *   00000120   UNINITIALIZED
                 [ 00040000 ]  00020000          *   00000120   rts55x.lib : trgmsg.obj (.cio)

.cinit       0   [ 00040240 ]  00020120          *   00000088   
                 [ 00040240 ]  00020120          *   0000002d   rts55x.lib : lowlev.obj (.cinit)
                 [ 0004029a ]  0002014d          *   0000002a              : defs.obj (.cinit)
                 [ 000402ee ]  00020177          *   0000000c   ezdsp5535bsl.lib : ezdsp5535_sar.obj (.cinit)
                 [ 00040306 ]  00020183          *   0000000a   rts55x.lib : _lock.obj (.cinit)
                 [ 0004031a ]  0002018d          *   0000000a              : exit.obj (.cinit)
                 [ 0004032e ]  00020197          *   00000008   cslVC5505.lib : csl_i2s.obj (.cinit)
                 [ 0004033e ]  0002019f          *   00000004   rts55x.lib : fopen.obj (.cinit)
                 [ 00040346 ]  000201a3          *   00000004              : memory.obj (.cinit)
                 [ 0004034e ]  000201a7          *   00000001   --HOLE-- [fill = 0]

.switch      0   [ 00040350 ]  000201a8          *   00000014   
                 [ 00040350 ]  000201a8          *   00000014   print_number.obj (.switch:_printChar)

vectors      0     0004fe00  [ 00027f00 ] 00000200          *   
                   0004fe00  [ 00027f00 ] 00000100          *   cslVC5505.lib : vectors.obj (vectors)
                   0004ff00  [ 00027f80 ] 00000100          *   rts55x.lib : vectors.obj (vectors)


GLOBAL SYMBOLS: SORTED ALPHABETICALLY BY Name 

abs. value/
byte addr   word addr   name
---------   ---------   ----
00000002                $TI_capability$C5500$CallingConvention
00000002                $TI_capability$C5500$MemoryModel
00000001                $TI_capability_requires_rev3
ffffffff                .bss
ffffffff                .data
ffffffff                .text
000285b2                C$$EXIT
00027a96                C$$IO$$
00028572                I$$LMPY
000284f7                I$$UDIV
0002850c                I$$UMOD
0004fe00                RST
0002785c                _AIC3204_rget
000278a7                _AIC3204_rset
            00002868    _DMA_InputL
            00002968    _DMA_InputR
            00002a68    _DMA_OutputL
            00002b68    _DMA_OutputR
00027d65                _EZDSP5535_GPIO_getInput
00027cfc                _EZDSP5535_GPIO_init
00027d27                _EZDSP5535_GPIO_setDirection
00027d4b                _EZDSP5535_GPIO_setOutput
00027be2                _EZDSP5535_I2C_init
00027c48                _EZDSP5535_I2C_read
00027c17                _EZDSP5535_I2C_reset
00027c22                _EZDSP5535_I2C_write
000275bb                _EZDSP5535_I2S_close
000274c6                _EZDSP5535_I2S_init
0002751f                _EZDSP5535_I2S_readLeft
0002757e                _EZDSP5535_I2S_readRight
00027551                _EZDSP5535_I2S_writeLeft
0002759f                _EZDSP5535_I2S_writeRight
00026d44                _EZDSP5535_OSD9616_init
00026cf9                _EZDSP5535_OSD9616_multiSend
00026e26                _EZDSP5535_OSD9616_printLetter
00026cd1                _EZDSP5535_OSD9616_send
00026f29                _EZDSP5535_SAR_getKey
00026e63                _EZDSP5535_SAR_init
00028293                _EZDSP5535_init
0002824d                _EZDSP5535_wait
00028281                _EZDSP5535_waitusec
00023bd6                _GPIO_clearInt
0002372f                _GPIO_close
00023753                _GPIO_config
00023986                _GPIO_configBit
00023ace                _GPIO_disableInt
00023b4c                _GPIO_enableInt
000237d8                _GPIO_getConfig
000236eb                _GPIO_open
00023860                _GPIO_read
00023ce9                _GPIO_reset
00023c62                _GPIO_statusBit
000238e3                _GPIO_write
            0000329c    _GpioObj
0002528e                _HOSTclock
00025223                _HOSTclose
0002516e                _HOSTlseek
000250cf                _HOSTopen
00025042                _HOSTread
00024f94                _HOSTrename
00024f36                _HOSTtime
00024ecc                _HOSTunlink
00024e3f                _HOSTwrite
0002164d                _I2C_config
00022018                _I2C_eventDisable
00021ee4                _I2C_eventEnable
000217b2                _I2C_getConfig
000221c4                _I2C_getEventId
000215a4                _I2C_init
00021cc6                _I2C_read
00022137                _I2C_setCallback
00021888                _I2C_setup
00021a82                _I2C_write
0002312d                _I2S_close
00022cf8                _I2S_open
000231df                _I2S_read
000235ef                _I2S_reset
00022e3f                _I2S_setup
000236a0                _I2S_transEnable
00023499                _I2S_write
000243c7                _IRQ_clear
00024431                _IRQ_clearAll
00024441                _IRQ_config
00024567                _IRQ_disable
000245e5                _IRQ_disableAll
000245f3                _IRQ_enable
000246ed                _IRQ_getArg
000244d4                _IRQ_getConfig
0002483b                _IRQ_globalDisable
00024854                _IRQ_globalEnable
0002486d                _IRQ_globalRestore
0002432d                _IRQ_init
00024766                _IRQ_map
00027c70                _IRQ_plug
0002467d                _IRQ_restore
00024733                _IRQ_setArg
00024798                _IRQ_setVecs
000247c9                _IRQ_test
0004ff00                _Reset
00022763                _SAR_A2DMeasParamSet
00022bdd                _SAR_GPODirSet
000222da                _SAR_chanClose
0002235e                _SAR_chanConfig
0002265a                _SAR_chanCycSet
0002225d                _SAR_chanInit
00022278                _SAR_chanOpen
00022446                _SAR_chanSetup
0002223d                _SAR_deInit
000223d4                _SAR_getConfig
00022cb9                _SAR_getStatus
000221e0                _SAR_init
00022722                _SAR_readData
000226a9                _SAR_startConversion
000226db                _SAR_stopConversion
            00003292    _SarHandle
            0000328e    _SarObj
0004fe00                _VECSTART
            00020000    __CIOBUF_
000242d4                __I2S_init
            00001060    __STACK_END
00002000                __STACK_SIZE
00002000                __SYSMEM_SIZE
00001000                __SYSSTACK_SIZE
00000001                __TI_args_main
ffffffff                ___binit__
ffffffff                ___bss__
ffffffff                ___c_args__
            00020120    ___cinit__
ffffffff                ___data__
ffffffff                ___edata__
ffffffff                ___end__
ffffffff                ___etext__
00028544                ___isinf
ffffffff                ___pinit__
ffffffff                ___text__
00026637                __addd
0002833e                __args_main
0002627b                __cleanup
            000032a4    __cleanup_ptr
00026c79                __cmpd
            00003420    __ctypes_
000257a1                __divd
000283d4                __divli
00026602                __divlli
000284f7                __divu
00027b41                __divul
0002650e                __divull
0002791f                __doflush
            000032a6    __dtors_ptr
00026c45                __eqld
000284cd                __fixdi
00027fd6                __fixdli
0002818a                __fltlid
00027e7b                __frcmpyd
00027ef1                __frcmpyd_div
            0000308a    __ft_end
            00002f72    __ftable
00026bfb                __geqd
00026bb0                __gtrd
00026b63                __leqd
            000032a0    __lock
00026b1b                __lssd
00027140                __mpyd
00028572                __mpyli
00026456                __mpylli
00028597                __negd
00026ae7                __neqd
00028595                __nop
00021362                __printfi
00027733                __rd_ok
0002858d                __register_lock
00028585                __register_unlock
00028389                __remli
00026427                __remlli
0002850c                __remu
00027f64                __remul
000263d9                __remull
            00000060    __stack
0002855e                __subd
            00001860    __sys_memory
            00001060    __sysstack
            00002fea    __tmpnams
            000032a2    __unlock
000276b3                __wrt_ok
000285b1                _abort
00024cd4                _add_device
000278f4                _aic3204_codec_read
0002790b                _aic3204_codec_write
000278e3                _aic3204_disable
00025b6d                _aic3204_dma_init
000278d1                _aic3204_hardware_init
00023d78                _aic3204_init
00025cf8                _aic3204_read_block
00025dad                _aic3204_write_block
000281f1                _atoi
000282f1                _auto_init
00028499                _c_int00
000268fe                _calculatePeekCoeff
00026891                _calculateShelvingCoeff
0002577b                _calloc
00025773                _chkheap
00025f26                _clearLCD
00024c61                _close
            00003521    _consolas_8ptBitmaps
            000032a8    _counter1
            000032a9    _counter2
            00002d68    _dirakBuff
0002845b                _exit
00027e00                _fclose
00027988                _fflush
00024c58                _find_registered_device
0002728c                _first_order_IIR
0002639e                _fopen
00027a9b                _fputc
00026fdd                _fputs
000252ec                _free
0002571d                _free_memory
000262d5                _freopen
            00003279    _fsError
0002811f                _fseek
            0000327c    _gI2cObj
00024dc4                _getenv
            0000329e    _hGpio
            000032aa    _hI2s
            00002e72    _history_x
            00002ef2    _history_y
            0000328c    _i2cHandle
00025e88                _initPrintNumber
            00002de8    _izlaz
            00003294    _keyCnt1
            00003295    _keyCnt2
00024bf2                _lseek
00027d83                _ltoa
000273ac                _main
0002541d                _malloc
000256c3                _max_free
00028521                _memccpy
0002841c                _memcpy
000253b8                _minit
00024b33                _open
            0000327a    _ouError
            00002e68    _output1
            00002e6c    _output2
            00003291    _preKey
00025ff4                _printChar
000282a1                _printf
00027a9b                _putc
00027b32                _putchar
00027112                _puts
00024a85                _read
000280b2                _readmsg
00025512                _realloc
000285a7                _remove
00024a4f                _remove_device
000249f6                _rename
            00002c68    _sampleBufferL
            00002ce8    _sampleBufferR
000272f3                _second_order_IIR
00025fd2                _setWritePointerToFirstChar
00023f69                _set_sampling_frequency_and_gain
000275cd                _setvbuf
000269ac                _shelvingHP
00026a15                _shelvingLP
00026a7e                _shelvingPeek
            00003581    _sign_width
000249c3                _unlink
00024881                _write
000279e1                _writemsg
ffffffff                binit
            00020120    cinit
ffffffff                edata
ffffffff                end
ffffffff                etext
ffffffff                pinit


GLOBAL SYMBOLS: SORTED BY Symbol Address 

abs. value/
byte addr   word addr   name
---------   ---------   ----
00000001                $TI_capability_requires_rev3
00000001                __TI_args_main
00000002                $TI_capability$C5500$CallingConvention
00000002                $TI_capability$C5500$MemoryModel
            00000060    __stack
00001000                __SYSSTACK_SIZE
00002000                __STACK_SIZE
00002000                __SYSMEM_SIZE
            00001060    __STACK_END
            00001060    __sysstack
            00001860    __sys_memory
            00002868    _DMA_InputL
            00002968    _DMA_InputR
            00002a68    _DMA_OutputL
            00002b68    _DMA_OutputR
            00002c68    _sampleBufferL
            00002ce8    _sampleBufferR
            00002d68    _dirakBuff
            00002de8    _izlaz
            00002e68    _output1
            00002e6c    _output2
            00002e72    _history_x
            00002ef2    _history_y
            00002f72    __ftable
            00002fea    __tmpnams
            0000308a    __ft_end
            00003279    _fsError
            0000327a    _ouError
            0000327c    _gI2cObj
            0000328c    _i2cHandle
            0000328e    _SarObj
            00003291    _preKey
            00003292    _SarHandle
            00003294    _keyCnt1
            00003295    _keyCnt2
            0000329c    _GpioObj
            0000329e    _hGpio
            000032a0    __lock
            000032a2    __unlock
            000032a4    __cleanup_ptr
            000032a6    __dtors_ptr
            000032a8    _counter1
            000032a9    _counter2
            000032aa    _hI2s
            00003420    __ctypes_
            00003521    _consolas_8ptBitmaps
            00003581    _sign_width
00021362                __printfi
000215a4                _I2C_init
0002164d                _I2C_config
000217b2                _I2C_getConfig
00021888                _I2C_setup
00021a82                _I2C_write
00021cc6                _I2C_read
00021ee4                _I2C_eventEnable
00022018                _I2C_eventDisable
00022137                _I2C_setCallback
000221c4                _I2C_getEventId
000221e0                _SAR_init
0002223d                _SAR_deInit
0002225d                _SAR_chanInit
00022278                _SAR_chanOpen
000222da                _SAR_chanClose
0002235e                _SAR_chanConfig
000223d4                _SAR_getConfig
00022446                _SAR_chanSetup
0002265a                _SAR_chanCycSet
000226a9                _SAR_startConversion
000226db                _SAR_stopConversion
00022722                _SAR_readData
00022763                _SAR_A2DMeasParamSet
00022bdd                _SAR_GPODirSet
00022cb9                _SAR_getStatus
00022cf8                _I2S_open
00022e3f                _I2S_setup
0002312d                _I2S_close
000231df                _I2S_read
00023499                _I2S_write
000235ef                _I2S_reset
000236a0                _I2S_transEnable
000236eb                _GPIO_open
0002372f                _GPIO_close
00023753                _GPIO_config
000237d8                _GPIO_getConfig
00023860                _GPIO_read
000238e3                _GPIO_write
00023986                _GPIO_configBit
00023ace                _GPIO_disableInt
00023b4c                _GPIO_enableInt
00023bd6                _GPIO_clearInt
00023c62                _GPIO_statusBit
00023ce9                _GPIO_reset
00023d78                _aic3204_init
00023f69                _set_sampling_frequency_and_gain
000242d4                __I2S_init
0002432d                _IRQ_init
000243c7                _IRQ_clear
00024431                _IRQ_clearAll
00024441                _IRQ_config
000244d4                _IRQ_getConfig
00024567                _IRQ_disable
000245e5                _IRQ_disableAll
000245f3                _IRQ_enable
0002467d                _IRQ_restore
000246ed                _IRQ_getArg
00024733                _IRQ_setArg
00024766                _IRQ_map
00024798                _IRQ_setVecs
000247c9                _IRQ_test
0002483b                _IRQ_globalDisable
00024854                _IRQ_globalEnable
0002486d                _IRQ_globalRestore
00024881                _write
000249c3                _unlink
000249f6                _rename
00024a4f                _remove_device
00024a85                _read
00024b33                _open
00024bf2                _lseek
00024c58                _find_registered_device
00024c61                _close
00024cd4                _add_device
00024dc4                _getenv
00024e3f                _HOSTwrite
00024ecc                _HOSTunlink
00024f36                _HOSTtime
00024f94                _HOSTrename
00025042                _HOSTread
000250cf                _HOSTopen
0002516e                _HOSTlseek
00025223                _HOSTclose
0002528e                _HOSTclock
000252ec                _free
000253b8                _minit
0002541d                _malloc
00025512                _realloc
000256c3                _max_free
0002571d                _free_memory
00025773                _chkheap
0002577b                _calloc
000257a1                __divd
00025b6d                _aic3204_dma_init
00025cf8                _aic3204_read_block
00025dad                _aic3204_write_block
00025e88                _initPrintNumber
00025f26                _clearLCD
00025fd2                _setWritePointerToFirstChar
00025ff4                _printChar
0002627b                __cleanup
000262d5                _freopen
0002639e                _fopen
000263d9                __remull
00026427                __remlli
00026456                __mpylli
0002650e                __divull
00026602                __divlli
00026637                __addd
00026891                _calculateShelvingCoeff
000268fe                _calculatePeekCoeff
000269ac                _shelvingHP
00026a15                _shelvingLP
00026a7e                _shelvingPeek
00026ae7                __neqd
00026b1b                __lssd
00026b63                __leqd
00026bb0                __gtrd
00026bfb                __geqd
00026c45                __eqld
00026c79                __cmpd
00026cd1                _EZDSP5535_OSD9616_send
00026cf9                _EZDSP5535_OSD9616_multiSend
00026d44                _EZDSP5535_OSD9616_init
00026e26                _EZDSP5535_OSD9616_printLetter
00026e63                _EZDSP5535_SAR_init
00026f29                _EZDSP5535_SAR_getKey
00026fdd                _fputs
00027112                _puts
00027140                __mpyd
0002728c                _first_order_IIR
000272f3                _second_order_IIR
000273ac                _main
000274c6                _EZDSP5535_I2S_init
0002751f                _EZDSP5535_I2S_readLeft
00027551                _EZDSP5535_I2S_writeLeft
0002757e                _EZDSP5535_I2S_readRight
0002759f                _EZDSP5535_I2S_writeRight
000275bb                _EZDSP5535_I2S_close
000275cd                _setvbuf
000276b3                __wrt_ok
00027733                __rd_ok
0002785c                _AIC3204_rget
000278a7                _AIC3204_rset
000278d1                _aic3204_hardware_init
000278e3                _aic3204_disable
000278f4                _aic3204_codec_read
0002790b                _aic3204_codec_write
0002791f                __doflush
00027988                _fflush
000279e1                _writemsg
00027a96                C$$IO$$
00027a9b                _fputc
00027a9b                _putc
00027b32                _putchar
00027b41                __divul
00027be2                _EZDSP5535_I2C_init
00027c17                _EZDSP5535_I2C_reset
00027c22                _EZDSP5535_I2C_write
00027c48                _EZDSP5535_I2C_read
00027c70                _IRQ_plug
00027cfc                _EZDSP5535_GPIO_init
00027d27                _EZDSP5535_GPIO_setDirection
00027d4b                _EZDSP5535_GPIO_setOutput
00027d65                _EZDSP5535_GPIO_getInput
00027d83                _ltoa
00027e00                _fclose
00027e7b                __frcmpyd
00027ef1                __frcmpyd_div
00027f64                __remul
00027fd6                __fixdli
000280b2                _readmsg
0002811f                _fseek
0002818a                __fltlid
000281f1                _atoi
0002824d                _EZDSP5535_wait
00028281                _EZDSP5535_waitusec
00028293                _EZDSP5535_init
000282a1                _printf
000282f1                _auto_init
0002833e                __args_main
00028389                __remli
000283d4                __divli
0002841c                _memcpy
0002845b                _exit
00028499                _c_int00
000284cd                __fixdi
000284f7                I$$UDIV
000284f7                __divu
0002850c                I$$UMOD
0002850c                __remu
00028521                _memccpy
00028544                ___isinf
0002855e                __subd
00028572                I$$LMPY
00028572                __mpyli
00028585                __register_unlock
0002858d                __register_lock
00028595                __nop
00028597                __negd
000285a7                _remove
000285b1                _abort
000285b2                C$$EXIT
            00020000    __CIOBUF_
            00020120    ___cinit__
            00020120    cinit
0004fe00                RST
0004fe00                _VECSTART
0004ff00                _Reset
ffffffff                .bss
ffffffff                .data
ffffffff                .text
ffffffff                ___binit__
ffffffff                ___bss__
ffffffff                ___c_args__
ffffffff                ___data__
ffffffff                ___edata__
ffffffff                ___end__
ffffffff                ___etext__
ffffffff                ___pinit__
ffffffff                ___text__
ffffffff                binit
ffffffff                edata
ffffffff                end
ffffffff                etext
ffffffff                pinit

[274 symbols]
